// Jest Snapshot v1, https://goo.gl/fbAQLP

exports[`New crenders without crashing 1`] = `
<ContextConsumer>
  <Component />
</ContextConsumer>
`;

exports[`NewQuestion Component renders without crashing 1`] = `
<ContextConsumer>
  <Component />
</ContextConsumer>
`;

exports[`NewQuestion renders without crashing 1`] = `
<ContextConsumer>
  <Component />
</ContextConsumer>
`;

exports[`Newrenders without crashing 1`] = `
<ContextConsumer>
  <Component />
</ContextConsumer>
`;

exports[`renders without crashing 1`] = `
<ContextConsumer>
  <Component />
</ContextConsumer>
`;
